
> n8nera@0.1.0 build
> next build

node.exe :  ΓÜá Found lockfile missing swc dependencies, patching...
At line:1 char:1
+ & "C:\Program Files\nodejs/node.exe" "C:\Program Files\nodejs/node_mo ...
+ ~~~~~~~~~~~~~~~~~~~~~~~~~~~~~~~~~~~~~~~~~~~~~~~~~~~~~~~~~~~~~~~~~~~~~
    + CategoryInfo          : NotSpecified: ( ΓÜá Found lock...es, patching... 
   :String) [], RemoteException
    + FullyQualifiedErrorId : NativeCommandError
 
   Γû▓ Next.js 15.1.0

   Creating an optimized production build ...
 ΓÜá Found lockfile missing swc dependencies, patching...
 ΓÜá Lockfile was successfully patched, please run "npm install" to ensure 
@next/swc dependencies are downloaded
 ΓÜá Lockfile was successfully patched, please run "npm install" to ensure 
@next/swc dependencies are downloaded
 Γ£ô Compiled successfully
   Skipping linting
   Checking validity of types ...
   Collecting page data ...
   Generating static pages (0/201) ...
   Generating static pages (50/201) 
   Generating static pages (100/201) 
   Generating static pages (150/201) 
 Γ£ô Generating static pages (201/201)
   Finalizing page optimization ...
   Collecting build traces ...
   Exporting (0/3) ...
 Γ£ô Exporting (3/3)

Route (app)                                                    Size     First Load JS
Γöî Γùï /                                                          3.19 kB         117 kB
Γö£ Γùï /_not-found                                                142 B           106 kB
Γö£ Γùï /about-us                                                  640 B           110 kB
Γö£ Γùï /blog                                                      3.22 kB         112 kB
Γö£ ΓùÅ /blog/[slug]                                               35 kB           144 kB
Γö£   Γö£ /blog/complete-guide-n8n-automation-dubai-businesses
Γö£   Γö£ /blog/ai-voice-agents-transforming-customer-service-uae
Γö£   Γö£ /blog/whatsapp-business-automation-guide-uae-companies
Γö£   Γöö [+2 more paths]
Γö£ Γùï /careers                                                   640 B           110 kB
Γö£ ΓùÅ /careers/[id]                                              640 B           110 kB
Γö£   Γö£ /careers/senior-n8n-developer
Γö£   Γö£ /careers/ai-voice-agent-engineer
Γö£   Γö£ /careers/solutions-architect
Γö£   Γöö [+3 more paths]
Γö£ Γùï /case-studies                                              596 B           115 kB
Γö£ ΓùÅ /case-studies/[slug]                                       596 B           115 kB
Γö£   Γö£ /case-studies/ai-gmail-categorization-agent
Γö£   Γöö /case-studies/ai-text-to-image-agent
Γö£ Γùï /contact                                                   4.07 kB         113 kB
Γö£ Γùï /cookie-policy                                             640 B           110 kB
Γö£ Γùï /faq                                                       594 B           115 kB
Γö£ Γùï /hire-n8n-developer                                        640 B           110 kB
Γö£ Γùï /industries                                                640 B           110 kB
Γö£ ΓùÅ /industries/[slug]                                         640 B           110 kB
Γö£   Γö£ /industries/retail-shops
Γö£   Γö£ /industries/local-businesses
Γö£   Γö£ /industries/smes
Γö£   Γöö [+9 more paths]
Γö£ Γùï /n8n-ai-automation                                         640 B           110 kB
Γö£ Γùï /n8n-automation-agency                                     640 B           110 kB
Γö£ Γùï /n8n-integrations                                          640 B           110 kB
Γö£ Γùï /n8n-workflow-automation                                   640 B           110 kB
Γö£ Γùï /pricing                                                   640 B           110 kB
Γö£ Γùï /privacy-policy                                            640 B           110 kB
Γö£ Γùï /security-compliance                                       640 B           110 kB
Γö£ Γùï /services                                                  640 B           110 kB
Γö£ ΓùÅ /services/[slug]                                           640 B           110 kB
Γö£   Γö£ /services/business-process-automation
Γö£   Γö£ /services/ai-based-automation
Γö£   Γö£ /services/crm-sales-automation
Γö£   Γöö [+13 more paths]
Γö£ Γùï /sitemap                                                   640 B           110 kB
Γö£ Γùï /terms-of-service                                          640 B           110 kB
Γö£ Γùï /uae                                                       640 B           110 kB
Γö£ ΓùÅ /uae/[city]                                                640 B           110 kB
Γö£   Γö£ /uae/dubai
Γö£   Γö£ /uae/abu-dhabi
Γö£   Γö£ /uae/sharjah
Γö£   Γöö [+5 more paths]
Γöö ΓùÅ /uae/[city]/[service]                                      640 B           110 kB
    Γö£ /uae/dubai/business-process-automation
    Γö£ /uae/dubai/ai-based-automation
    Γö£ /uae/dubai/crm-sales-automation
    Γöö [+125 more paths]
+ First Load JS shared by all                                  105 kB
  Γö£ chunks/4bd1b696-764dd902161669a6.js                        52.9 kB
  Γö£ chunks/517-ec9de4c005342c15.js                             50.6 kB
  Γöö other shared chunks (total)                                1.98 kB


Γùï  (Static)  prerendered as static content
ΓùÅ  (SSG)     prerendered as static HTML (uses generateStaticParams)

